// Jest Snapshot v1, https://goo.gl/fbAQLP

exports[`general utils stringToObject allows a value processor to be specified 1`] = `
Object {
  "blah": "ket1",
  "foo": "bar1",
}
`;

exports[`general utils stringToObject parses the string into an object with delimiters 1`] = `
Object {
  "blah": "ket",
  "foo": "bar",
}
`;
